// Jest Snapshot v1, https://goo.gl/fbAQLP

exports[`Render Login page when incorrect user and pwd   1`] = `
<DocumentFragment>
  <header
    class="MuiPaper-root MuiAppBar-root MuiAppBar-positionStatic MuiAppBar-colorPrimary MuiPaper-elevation4"
  >
    <div
      class="MuiToolbar-root MuiToolbar-regular MuiToolbar-gutters"
    >
      <h4
        class="MuiTypography-root MuiTypography-h4 MuiTypography-colorInherit"
      >
        Shipping Label Maker
      </h4>
    </div>
  </header>
  <main
    class="MuiContainer-root MuiContainer-maxWidthXs"
  >
    <div
      class="makeStyles-paper-27"
    >
      <p
        class="MuiTypography-root MuiTypography-body1"
        label="signin"
      />
      <div
        class="MuiFormControl-root MuiTextField-root MuiFormControl-marginNormal MuiFormControl-fullWidth"
      >
        <label
          class="MuiFormLabel-root MuiInputLabel-root MuiInputLabel-formControl MuiInputLabel-animated MuiInputLabel-shrink MuiInputLabel-outlined Mui-focused Mui-focused Mui-required Mui-required"
          data-shrink="true"
          for="username"
          id="username-label"
        >
          username
          <span
            aria-hidden="true"
            class="MuiFormLabel-asterisk MuiInputLabel-asterisk"
          >
             *
          </span>
        </label>
        <div
          class="MuiInputBase-root MuiOutlinedInput-root MuiInputBase-fullWidth Mui-focused Mui-focused MuiInputBase-formControl"
        >
          <input
            aria-invalid="false"
            autocomplete="username"
            class="MuiInputBase-input MuiOutlinedInput-input"
            id="username"
            name="username"
            required=""
            type="text"
            value=""
          />
          <fieldset
            aria-hidden="true"
            class="PrivateNotchedOutline-root-34 MuiOutlinedInput-notchedOutline"
          >
            <legend
              class="PrivateNotchedOutline-legendLabelled-36 PrivateNotchedOutline-legendNotched-37"
            >
              <span>
                username *
              </span>
            </legend>
          </fieldset>
        </div>
      </div>
      <div
        class="MuiFormControl-root MuiTextField-root MuiFormControl-marginNormal MuiFormControl-fullWidth"
      >
        <label
          class="MuiFormLabel-root MuiInputLabel-root MuiInputLabel-formControl MuiInputLabel-animated MuiInputLabel-outlined Mui-required Mui-required"
          data-shrink="false"
          for="password"
          id="password-label"
        >
          Password
          <span
            aria-hidden="true"
            class="MuiFormLabel-asterisk MuiInputLabel-asterisk"
          >
             *
          </span>
        </label>
        <div
          class="MuiInputBase-root MuiOutlinedInput-root MuiInputBase-fullWidth MuiInputBase-formControl"
        >
          <input
            aria-invalid="false"
            autocomplete="current-password"
            class="MuiInputBase-input MuiOutlinedInput-input"
            id="password"
            name="password"
            required=""
            type="password"
            value=""
          />
          <fieldset
            aria-hidden="true"
            class="PrivateNotchedOutline-root-34 MuiOutlinedInput-notchedOutline"
          >
            <legend
              class="PrivateNotchedOutline-legendLabelled-36"
            >
              <span>
                Password *
              </span>
            </legend>
          </fieldset>
        </div>
      </div>
      <button
        class="MuiButtonBase-root MuiButton-root MuiButton-contained makeStyles-submit-30 MuiButton-containedPrimary MuiButton-fullWidth"
        id="login"
        tabindex="0"
        type="submit"
      >
        <span
          class="MuiButton-label"
        >
          Sign In
        </span>
        <span
          class="MuiTouchRipple-root"
        />
      </button>
    </div>
  </main>
  Footer
</DocumentFragment>
`;
